PS C:\Users\Administrator\Desktop\GitHub_Tutorial> mkdir git_challenge


    目录: C:\Users\Administrator\Desktop\GitHub_Tutorial


Mode                 LastWriteTime         Length Name
----                 -------------         ------ ----
d-----         2024/5/18     22:51                git_challenge


PS C:\Users\Administrator\Desktop\GitHub_Tutorial> cd git_challenge
PS C:\Users\Administrator\Desktop\GitHub_Tutorial\git_challenge> git init
Initialized empty Git repository in C:/Users/Administrator/Desktop/GitHub_Tutorial/git_challenge/.git/
PS C:\Users\Administrator\Desktop\GitHub_Tutorial\git_challenge> git status
On branch main

No commits yet

Untracked files:
  (use "git add <file>..." to include in what will be committed)
        hello_world.txt

nothing added to commit but untracked files present (use "git add" to track)
PS C:\Users\Administrator\Desktop\GitHub_Tutorial\git_challenge> git add hello_world.txt
PS C:\Users\Administrator\Desktop\GitHub_Tutorial\git_challenge> git status
On branch main

No commits yet

Changes to be committed:
  (use "git rm --cached <file>..." to unstage)
        new file:   hello_world.txt

PS C:\Users\Administrator\Desktop\GitHub_Tutorial\git_challenge> git commit -m "hello_world.txtをコミットする"
[main (root-commit) 2d16fee] hello_world.txtをコミットする
 1 file changed, 1 insertion(+)
 create mode 100644 hello_world.txt
PS C:\Users\Administrator\Desktop\GitHub_Tutorial\git_challenge> git status
On branch main
Changes not staged for commit:
  (use "git add <file>..." to update what will be committed)
  (use "git restore <file>..." to discard changes in working directory)
        modified:   hello_world.txt

no changes added to commit (use "git add" and/or "git commit -a")      
PS C:\Users\Administrator\Desktop\GitHub_Tutorial\git_challenge> git add hello_world.txt
PS C:\Users\Administrator\Desktop\GitHub_Tutorial\git_challenge> git status
On branch main
Changes to be committed:
  (use "git restore --staged <file>..." to unstage)
        modified:   hello_world.txt

PS C:\Users\Administrator\Desktop\GitHub_Tutorial\git_challenge> git commit -m "hello_world.txtの日本語を追記"
[main 60354cc] hhello_world.txtの日本語を追記
 1 file changed, 2 insertions(+), 1 deletion(-)
PS C:\Users\Administrator\Desktop\GitHub_Tutorial\git_challenge>   